c:\users\teraoayato\documents\github\natusakuhin\fightingrush\fightingrush\x64\release\vc145.pdb
c:\users\teraoayato\documents\github\natusakuhin\fightingrush\fightingrush\x64\release\main.obj
c:\users\teraoayato\documents\github\natusakuhin\fightingrush\fightingrush\x64\release\scenetitle.obj
c:\users\teraoayato\documents\github\natusakuhin\fightingrush\fightingrush\x64\release\scenemain.obj
c:\users\teraoayato\documents\github\natusakuhin\fightingrush\fightingrush\x64\release\scenegameover.obj
c:\users\teraoayato\documents\github\natusakuhin\fightingrush\fightingrush\x64\release\sceneclear.obj
c:\users\teraoayato\documents\github\natusakuhin\fightingrush\fightingrush\x64\release\player.obj
c:\users\teraoayato\documents\github\natusakuhin\fightingrush\fightingrush\x64\release\enemymanager.obj
c:\users\teraoayato\documents\github\natusakuhin\fightingrush\fightingrush\x64\release\enemy.obj
c:\users\teraoayato\documents\github\natusakuhin\fightingrush\fightingrush\x64\release\effect.obj
c:\users\teraoayato\documents\github\natusakuhin\fightingrush\fightingrush\x64\release\bg.obj
c:\users\teraoayato\documents\github\natusakuhin\fightingrush\x64\release\fightingrush.exe
c:\users\teraoayato\documents\github\natusakuhin\fightingrush\x64\release\fightingrush.pdb
c:\users\teraoayato\documents\github\natusakuhin\fightingrush\fightingrush\x64\release\icon.res
c:\users\teraoayato\documents\github\natusakuhin\fightingrush\fightingrush\x64\release\fightingrush.ipdb
c:\users\teraoayato\documents\github\natusakuhin\fightingrush\fightingrush\x64\release\fightingrush.iobj
c:\users\teraoayato\documents\github\natusakuhin\fightingrush\fightingrush\x64\release\resource.res
c:\users\teraoayato\documents\github\natusakuhin\fightingrush\fightingrush\x64\release\fightingrush.tlog\cl.command.1.tlog
c:\users\teraoayato\documents\github\natusakuhin\fightingrush\fightingrush\x64\release\fightingrush.tlog\cl.items.tlog
c:\users\teraoayato\documents\github\natusakuhin\fightingrush\fightingrush\x64\release\fightingrush.tlog\cl.read.1.tlog
c:\users\teraoayato\documents\github\natusakuhin\fightingrush\fightingrush\x64\release\fightingrush.tlog\cl.write.1.tlog
c:\users\teraoayato\documents\github\natusakuhin\fightingrush\fightingrush\x64\release\fightingrush.tlog\link.command.1.tlog
c:\users\teraoayato\documents\github\natusakuhin\fightingrush\fightingrush\x64\release\fightingrush.tlog\link.read.1.tlog
c:\users\teraoayato\documents\github\natusakuhin\fightingrush\fightingrush\x64\release\fightingrush.tlog\link.secondary.1.tlog
c:\users\teraoayato\documents\github\natusakuhin\fightingrush\fightingrush\x64\release\fightingrush.tlog\link.write.1.tlog
c:\users\teraoayato\documents\github\natusakuhin\fightingrush\fightingrush\x64\release\fightingrush.tlog\rc.command.1.tlog
c:\users\teraoayato\documents\github\natusakuhin\fightingrush\fightingrush\x64\release\fightingrush.tlog\rc.read.1.tlog
c:\users\teraoayato\documents\github\natusakuhin\fightingrush\fightingrush\x64\release\fightingrush.tlog\rc.write.1.tlog
